Removed Pin From Net: NetName=AIN3 Pin=C12-1
Removed Pin From Net: NetName=GND Pin=C12-2
Removed Pin From Net: NetName=GND Pin=D2-1
Removed Pin From Net: NetName=GND Pin=D3-1
Removed Pin From Net: NetName=LCD_MISO Pin=LCD1-9
Change Component Comment : Designator=R11 Old Comment=RES SMD 100K 1% 0805 New Comment=RES SMD 5K6 1% 0805
Change Component Comment : Designator=R12 Old Comment=RES SMD 100K 1% 0805 New Comment=RES SMD 5K6 1% 0805
Change component parameters: Designator = "R11" ("R11"); Footprint = "res0805ok"; UniqueID = "\NLHEVXMT" ("\NLHEVXMT")
Change component parameters (AddParameter): Name = "COD. CRISTOFOLI"; Value = "EMP.50116"; VariantName = "[No Variations]"
Change component parameters (AddParameter): Name = "List"; Value = "RES SMD 10K 1% 0805"; VariantName = "[No Variations]"
Change component parameters (AddParameter): Name = "Manufacturer"; Value = ""; VariantName = "[No Variations]"
Change component parameters (AddParameter): Name = "Manufacturer Part Number"; Value = ""; VariantName = "[No Variations]"
Change component parameters (AddParameter): Name = "Tolerance"; Value = "1%"; VariantName = "[No Variations]"
Change component parameters (AddParameter): Name = "Value"; Value = "5K6"; VariantName = "[No Variations]"
Change component parameters (AddParameter): Name = "Voltage"; Value = ""; VariantName = "[No Variations]"
Change component parameters: Designator = "R12" ("R12"); Footprint = "res0805ok"; UniqueID = "\WTRTGRMZ" ("\WTRTGRMZ")
Change component parameters (AddParameter): Name = "COD. CRISTOFOLI"; Value = "EMP.50116"; VariantName = "[No Variations]"
Change component parameters (AddParameter): Name = "List"; Value = "RES SMD 10K 1% 0805"; VariantName = "[No Variations]"
Change component parameters (AddParameter): Name = "Manufacturer"; Value = ""; VariantName = "[No Variations]"
Change component parameters (AddParameter): Name = "Manufacturer Part Number"; Value = ""; VariantName = "[No Variations]"
Change component parameters (AddParameter): Name = "Tolerance"; Value = "1%"; VariantName = "[No Variations]"
Change component parameters (AddParameter): Name = "Value"; Value = "5K6"; VariantName = "[No Variations]"
Change component parameters (AddParameter): Name = "Voltage"; Value = ""; VariantName = "[No Variations]"
Added Pin To Net: NetName=AIN3 Pin=R1-1
Added Pin To Net: NetName=GND Pin=R11-2
Added Pin To Net: NetName=GND Pin=R12-2
Added Pin To Net: NetName=AIN2 Pin=R3-1
Added Pin To Net: NetName=AIN2 Pin=U1-37
Added Net: Name=AIN2
Added Pin To Net: NetName=NetC1_1 Pin=C1-1
Added Pin To Net: NetName=NetC1_1 Pin=R1-2
Added Net: Name=NetC1_1
Added Pin To Net: NetName=NetC3_1 Pin=C3-1
Added Pin To Net: NetName=NetC3_1 Pin=R3-2
Added Net: Name=NetC3_1
Added Pin To Net: NetName=NetJ1_A5 Pin=J1-A5
Added Pin To Net: NetName=NetJ1_A5 Pin=R11-1
Added Net: Name=NetJ1_A5
Added Pin To Net: NetName=NetJ1_B5 Pin=J1-B5
Added Pin To Net: NetName=NetJ1_B5 Pin=R12-1
Added Net: Name=NetJ1_B5
